src/app.controller.spec.ts(19,28): error TS2339: Property 'getHello' does not exist on type 'AppController'.
src/companion/companion.service.ts(274,14): error TS2304: Cannot find name 'Persona'.
src/companion/companion.service.ts(343,79): error TS2304: Cannot find name 'Persona'.
src/contacts/contacts.service.ts(349,26): error TS2304: Cannot find name 'PRESET_PERSONAS'.
