src/app.controller.spec.ts(19,28): error TS2339: Property 'getHello' does not exist on type 'AppController'.
src/companion/companion.service.ts(2,10): error TS2300: Duplicate identifier 'PRESET_PERSONAS'.
src/companion/companion.service.ts(3,10): error TS2300: Duplicate identifier 'PRESET_PERSONAS'.
src/contacts/contacts.service.ts(349,26): error TS2304: Cannot find name 'PRESET_PERSONAS'.
